------------------------------------------------------------
TimeQuest Timing Analyzer Summary
------------------------------------------------------------

Type  : Slow 1200mV 85C Model Setup 'i_CLK'
Slack : -8.145
TNS   : -1009.339

Type  : Slow 1200mV 85C Model Hold 'i_CLK'
Slack : 0.359
TNS   : 0.000

Type  : Slow 1200mV 85C Model Minimum Pulse Width 'i_CLK'
Slack : -3.000
TNS   : -402.285

Type  : Slow 1200mV 85C Model Minimum Pulse Width 'i_CLK_sin'
Slack : -3.000
TNS   : -15.000

Type  : Slow 1200mV 0C Model Setup 'i_CLK'
Slack : -7.124
TNS   : -874.688

Type  : Slow 1200mV 0C Model Hold 'i_CLK'
Slack : 0.313
TNS   : 0.000

Type  : Slow 1200mV 0C Model Minimum Pulse Width 'i_CLK'
Slack : -3.000
TNS   : -402.204

Type  : Slow 1200mV 0C Model Minimum Pulse Width 'i_CLK_sin'
Slack : -3.000
TNS   : -15.000

Type  : Fast 1200mV 0C Model Setup 'i_CLK'
Slack : -4.202
TNS   : -456.258

Type  : Fast 1200mV 0C Model Hold 'i_CLK'
Slack : 0.187
TNS   : 0.000

Type  : Fast 1200mV 0C Model Minimum Pulse Width 'i_CLK'
Slack : -3.000
TNS   : -300.290

Type  : Fast 1200mV 0C Model Minimum Pulse Width 'i_CLK_sin'
Slack : -3.000
TNS   : -15.684

------------------------------------------------------------
